+ exec gosu vibecode scripts/studio
Starting in development mode...
Installing dependencies...
[0.03ms] ".env"
bun install v1.2.19 (aad3abea)

Checked 69 installs across 70 packages (no changes) [4.00ms]
No prisma/schema.prisma found. Studio requires a Prisma schema.
+ exec gosu vibecode scripts/studio
Starting in development mode...
Installing dependencies...
[0.03ms] ".env"
bun install v1.2.19 (aad3abea)

Done! Checked 119 packages (no changes) [4.00ms]
No prisma/schema.prisma found. Studio requires a Prisma schema.
+ exec gosu vibecode scripts/studio
Starting in development mode...
Installing dependencies...
[0.04ms] ".env"
bun install v1.2.19 (aad3abea)

Done! Checked 119 packages (no changes) [4.00ms]
Starting Cloud Studio...
Cloud Studio starting on http://0.0.0.0:3001
Cloud Studio is running at http://0.0.0.0:3001
Prisma Client connected
+ exec gosu vibecode scripts/studio
Starting in development mode...
Installing dependencies...
[0.04ms] ".env"
bun install v1.2.19 (aad3abea)

Done! Checked 119 packages (no changes) [5.00ms]
Starting Cloud Studio...
Cloud Studio starting on http://0.0.0.0:3001
Cloud Studio is running at http://0.0.0.0:3001
Prisma Client connected
+ exec gosu vibecode scripts/studio
Starting in development mode...
Installing dependencies...
[0.03ms] ".env"
bun install v1.2.19 (aad3abea)

Done! Checked 119 packages (no changes) [5.00ms]
Starting Cloud Studio...
Cloud Studio starting on http://0.0.0.0:3001
Cloud Studio is running at http://0.0.0.0:3001
Prisma Client connected
+ exec gosu vibecode scripts/studio
Starting in development mode...
Installing dependencies...
[0.05ms] ".env"
bun install v1.2.19 (aad3abea)

Done! Checked 119 packages (no changes) [5.00ms]
Starting Cloud Studio...
Cloud Studio starting on http://0.0.0.0:3001
Cloud Studio is running at http://0.0.0.0:3001
Prisma Client connected
+ exec gosu vibecode scripts/studio
Starting in development mode...
Installing dependencies...
[0.03ms] ".env"
bun install v1.2.19 (aad3abea)

Done! Checked 119 packages (no changes) [5.00ms]
Starting Cloud Studio...
Cloud Studio starting on http://0.0.0.0:3001
Cloud Studio is running at http://0.0.0.0:3001
Prisma Client connected
+ exec gosu vibecode scripts/studio
Starting in development mode...
Installing dependencies...
[0.03ms] ".env"
bun install v1.2.19 (aad3abea)

Done! Checked 119 packages (no changes) [5.00ms]
Starting Cloud Studio...
Cloud Studio starting on http://0.0.0.0:3001
Cloud Studio is running at http://0.0.0.0:3001
Prisma Client connected
+ exec gosu vibecode scripts/studio
Starting in development mode...
Installing dependencies...
[0.03ms] ".env"
bun install v1.2.19 (aad3abea)

Done! Checked 119 packages (no changes) [5.00ms]
Starting Cloud Studio...
Cloud Studio starting on http://0.0.0.0:3001
Cloud Studio is running at http://0.0.0.0:3001
Prisma Client connected
+ exec gosu vibecode scripts/studio
Starting in development mode...
Installing dependencies...
[0.03ms] ".env"
bun install v1.2.19 (aad3abea)

Done! Checked 119 packages (no changes) [5.00ms]
Starting Cloud Studio...
Cloud Studio starting on http://0.0.0.0:3001
Cloud Studio is running at http://0.0.0.0:3001
Prisma Client connected
+ exec gosu vibecode scripts/studio
Starting in development mode...
Installing dependencies...
[0.03ms] ".env"
bun install v1.2.19 (aad3abea)

Done! Checked 121 packages (no changes) [5.00ms]
Starting Cloud Studio...
Cloud Studio starting on http://0.0.0.0:3001
Cloud Studio is running at http://0.0.0.0:3001
Prisma Client connected
+ exec gosu vibecode scripts/studio
Starting in development mode...
Installing dependencies...
[0.03ms] ".env"
bun install v1.2.19 (aad3abea)

Done! Checked 121 packages (no changes) [5.00ms]
Starting Cloud Studio...
Cloud Studio starting on http://0.0.0.0:3001
Cloud Studio is running at http://0.0.0.0:3001
Prisma Client connected
+ exec gosu vibecode scripts/studio
Starting in development mode...
Installing dependencies...
[0.03ms] ".env"
bun install v1.2.19 (aad3abea)

Done! Checked 121 packages (no changes) [5.00ms]
Starting Cloud Studio...
Cloud Studio starting on http://0.0.0.0:3001
Cloud Studio is running at http://0.0.0.0:3001
Prisma Client connected
+ exec gosu vibecode scripts/studio
Starting in development mode...
Installing dependencies...
[0.03ms] ".env"
bun install v1.2.19 (aad3abea)

Done! Checked 121 packages (no changes) [5.00ms]
Starting Cloud Studio...
Cloud Studio starting on http://0.0.0.0:3001
Cloud Studio is running at http://0.0.0.0:3001
Prisma Client connected
+ exec gosu vibecode scripts/studio
Starting in development mode...
Installing dependencies...
[0.03ms] ".env"
bun install v1.2.19 (aad3abea)

Done! Checked 121 packages (no changes) [5.00ms]
Starting Cloud Studio...
Cloud Studio starting on http://0.0.0.0:3001
Cloud Studio is running at http://0.0.0.0:3001
Prisma Client connected
+ exec gosu vibecode scripts/studio
Starting in development mode...
Installing dependencies...
[0.06ms] ".env.production", ".env"
bun install v1.2.19 (aad3abea)

Done! Checked 121 packages (no changes) [10.00ms]
Starting Cloud Studio...
Cloud Studio starting on http://0.0.0.0:3001
Cloud Studio is running at http://0.0.0.0:3001
Prisma Client connected
+ exec gosu vibecode scripts/studio
Starting in development mode...
Installing dependencies...
[0.08ms] ".env.production", ".env"
bun install v1.2.19 (aad3abea)

+ @types/bun@1.2.23
+ prisma@6.19.2
+ typescript@5.8.3
+ @hono/node-server@1.12.0
+ @hono/zod-validator@0.7.6
+ @prisma/client@6.19.1
+ @types/bcryptjs@3.0.0
+ @vibecodeapp/backend-sdk@1.0.1
+ @vibecodeapp/cloud-studio@0.2.3
+ @vibecodeapp/proxy@2.0.3
+ bcryptjs@3.0.3
+ better-auth@1.4.17
+ hono@4.6.0
+ zod@4.1.11

120 packages installed [4.58s]
Starting Cloud Studio...
Cloud Studio starting on http://0.0.0.0:3001
Cloud Studio is running at http://0.0.0.0:3001
Prisma Client connected
+ exec gosu vibecode scripts/studio
Starting in development mode...
Installing dependencies...
[0.06ms] ".env.production", ".env"
bun install v1.2.19 (aad3abea)

Done! Checked 121 packages (no changes) [6.00ms]
Starting Cloud Studio...
Cloud Studio starting on http://0.0.0.0:3001
Cloud Studio is running at http://0.0.0.0:3001
Prisma Client connected
+ exec gosu vibecode scripts/studio
Starting in development mode...
Installing dependencies...
[0.06ms] ".env.production", ".env"
bun install v1.2.19 (aad3abea)

Done! Checked 121 packages (no changes) [11.00ms]
Starting Cloud Studio...
Cloud Studio starting on http://0.0.0.0:3001
Cloud Studio is running at http://0.0.0.0:3001
Prisma Client connected
+ exec gosu vibecode scripts/studio
Starting in development mode...
Installing dependencies...
[0.06ms] ".env.production", ".env"
bun install v1.2.19 (aad3abea)

Done! Checked 121 packages (no changes) [20.00ms]
Starting Cloud Studio...
Cloud Studio starting on http://0.0.0.0:3001
Cloud Studio is running at http://0.0.0.0:3001
Prisma Client connected
+ exec gosu vibecode scripts/studio
Starting in development mode...
Installing dependencies...
[0.55ms] ".env.production", ".env"
bun install v1.2.19 (aad3abea)

+ @types/bun@1.2.23
+ prisma@6.19.2
+ typescript@5.8.3
+ @hono/node-server@1.12.0
+ @hono/zod-validator@0.7.6
+ @prisma/client@6.19.1
+ @types/bcryptjs@3.0.0
+ @vibecodeapp/backend-sdk@1.0.1
+ @vibecodeapp/cloud-studio@0.2.4
+ @vibecodeapp/proxy@2.0.3
+ bcryptjs@3.0.3
+ better-auth@1.4.17
+ hono@4.6.0
+ zod@4.1.11

120 packages installed [4.40s]
Starting Cloud Studio...
Cloud Studio starting on http://0.0.0.0:3001
Cloud Studio is running at http://0.0.0.0:3001
Prisma Client connected
+ exec gosu vibecode scripts/studio
Starting in development mode...
Installing dependencies...
[0.06ms] ".env.production", ".env"
bun install v1.2.19 (aad3abea)

Done! Checked 121 packages (no changes) [7.00ms]
Starting Cloud Studio...
Cloud Studio starting on http://0.0.0.0:3001
Cloud Studio is running at http://0.0.0.0:3001
Prisma Client connected
+ exec gosu vibecode scripts/studio
Starting in development mode...
Installing dependencies...
[0.06ms] ".env.production", ".env"
bun install v1.2.19 (aad3abea)

Done! Checked 121 packages (no changes) [9.00ms]
Starting Cloud Studio...
Cloud Studio starting on http://0.0.0.0:3001
Cloud Studio is running at http://0.0.0.0:3001
Prisma Client connected
+ exec gosu vibecode scripts/studio
Starting in development mode...
Installing dependencies...
[0.08ms] ".env.production", ".env"
bun install v1.2.19 (aad3abea)

Done! Checked 121 packages (no changes) [5.00ms]
Starting Cloud Studio...
Cloud Studio starting on http://0.0.0.0:3001
Cloud Studio is running at http://0.0.0.0:3001
Prisma Client connected
+ exec gosu vibecode scripts/studio
Starting in development mode...
Installing dependencies...
[0.06ms] ".env.production", ".env"
bun install v1.2.19 (aad3abea)

Done! Checked 121 packages (no changes) [5.00ms]
Starting Cloud Studio...
Cloud Studio starting on http://0.0.0.0:3001
Cloud Studio is running at http://0.0.0.0:3001
Prisma Client connected
+ exec gosu vibecode scripts/studio
Starting in development mode...
Installing dependencies...
[0.06ms] ".env.production", ".env"
bun install v1.2.19 (aad3abea)

Done! Checked 121 packages (no changes) [5.00ms]
Starting Cloud Studio...
Cloud Studio starting on http://0.0.0.0:3001
Cloud Studio is running at http://0.0.0.0:3001
Prisma Client connected
+ exec gosu vibecode scripts/studio
Starting in development mode...
Installing dependencies...
[0.06ms] ".env.production", ".env"
bun install v1.2.19 (aad3abea)

Done! Checked 121 packages (no changes) [9.00ms]
Starting Cloud Studio...
Cloud Studio starting on http://0.0.0.0:3001
Cloud Studio is running at http://0.0.0.0:3001
Prisma Client connected
+ exec gosu vibecode scripts/studio
Starting in development mode...
Installing dependencies...
[0.06ms] ".env.production", ".env"
bun install v1.2.19 (aad3abea)

Done! Checked 121 packages (no changes) [10.00ms]
Starting Cloud Studio...
Cloud Studio starting on http://0.0.0.0:3001
Cloud Studio is running at http://0.0.0.0:3001
Prisma Client connected
+ exec gosu vibecode scripts/studio
Starting in development mode...
Installing dependencies...
[0.06ms] ".env.production", ".env"
bun install v1.2.19 (aad3abea)

Done! Checked 121 packages (no changes) [5.00ms]
Starting Cloud Studio...
Cloud Studio starting on http://0.0.0.0:3001
Cloud Studio is running at http://0.0.0.0:3001
Prisma Client connected
+ exec gosu vibecode scripts/studio
Starting in development mode...
Installing dependencies...
[0.06ms] ".env.production", ".env"
bun install v1.2.19 (aad3abea)

Done! Checked 121 packages (no changes) [9.00ms]
Starting Cloud Studio...
Cloud Studio starting on http://0.0.0.0:3001
Cloud Studio is running at http://0.0.0.0:3001
Prisma Client connected
+ exec gosu vibecode scripts/studio
Starting in development mode...
Installing dependencies...
[0.06ms] ".env.production", ".env"
bun install v1.2.19 (aad3abea)

+ @types/bun@1.2.23
+ prisma@6.19.2
+ typescript@5.8.3
+ @hono/node-server@1.12.0
+ @hono/zod-validator@0.7.6
+ @prisma/client@6.19.1
+ @types/bcryptjs@3.0.0
+ @vibecodeapp/backend-sdk@1.0.1
+ @vibecodeapp/cloud-studio@0.2.4
+ @vibecodeapp/proxy@2.0.3
+ bcryptjs@3.0.3
+ better-auth@1.4.17
+ hono@4.6.0
+ zod@4.1.11

120 packages installed [7.27s]
Starting Cloud Studio...
Cloud Studio starting on http://0.0.0.0:3001
Cloud Studio is running at http://0.0.0.0:3001
Prisma Client connected
+ exec gosu vibecode scripts/studio
Starting in development mode...
Installing dependencies...
[0.06ms] ".env.production", ".env"
bun install v1.2.19 (aad3abea)

Done! Checked 121 packages (no changes) [5.00ms]
Starting Cloud Studio...
Cloud Studio starting on http://0.0.0.0:3001
Cloud Studio is running at http://0.0.0.0:3001
Prisma Client connected
+ exec gosu vibecode scripts/studio
Starting in development mode...
Installing dependencies...
[0.06ms] ".env.production", ".env"
bun install v1.2.19 (aad3abea)

Done! Checked 121 packages (no changes) [5.00ms]
Starting Cloud Studio...
Cloud Studio starting on http://0.0.0.0:3001
Cloud Studio is running at http://0.0.0.0:3001
Prisma Client connected
+ exec gosu vibecode scripts/studio
Starting in development mode...
Installing dependencies...
[0.06ms] ".env.production", ".env"
bun install v1.2.19 (aad3abea)

Done! Checked 121 packages (no changes) [5.00ms]
Starting Cloud Studio...
Cloud Studio starting on http://0.0.0.0:3001
Cloud Studio is running at http://0.0.0.0:3001
Prisma Client connected
+ exec gosu vibecode scripts/studio
Starting in development mode...
Installing dependencies...
[0.06ms] ".env.production", ".env"
bun install v1.2.19 (aad3abea)

Done! Checked 121 packages (no changes) [8.00ms]
Starting Cloud Studio...
Cloud Studio starting on http://0.0.0.0:3001
Cloud Studio is running at http://0.0.0.0:3001
Prisma Client connected
+ exec gosu vibecode scripts/studio
Starting in development mode...
Installing dependencies...
[0.08ms] ".env.production", ".env"
bun install v1.2.19 (aad3abea)

+ @types/bun@1.2.23
+ prisma@6.19.2
+ typescript@5.8.3
+ @hono/node-server@1.12.0
+ @hono/zod-validator@0.7.6
+ @prisma/client@6.19.1
+ @types/bcryptjs@3.0.0
+ @vibecodeapp/backend-sdk@1.0.1
+ @vibecodeapp/cloud-studio@0.2.4
+ @vibecodeapp/proxy@2.0.3
+ bcryptjs@3.0.3
+ better-auth@1.4.17
+ hono@4.6.0
+ zod@4.1.11

120 packages installed [4.39s]
Starting Cloud Studio...
Cloud Studio starting on http://0.0.0.0:3001
Cloud Studio is running at http://0.0.0.0:3001
Prisma Client connected
+ exec gosu vibecode scripts/studio
Starting in development mode...
Installing dependencies...
[0.06ms] ".env.production", ".env"
bun install v1.2.19 (aad3abea)

Done! Checked 121 packages (no changes) [5.00ms]
Starting Cloud Studio...
Cloud Studio starting on http://0.0.0.0:3001
Cloud Studio is running at http://0.0.0.0:3001
Prisma Client connected
+ exec gosu vibecode scripts/studio
Starting in development mode...
Installing dependencies...
[0.06ms] ".env.production", ".env"
bun install v1.2.19 (aad3abea)

Done! Checked 121 packages (no changes) [10.00ms]
Starting Cloud Studio...
Cloud Studio starting on http://0.0.0.0:3001
Cloud Studio is running at http://0.0.0.0:3001
Prisma Client connected
+ exec gosu vibecode scripts/studio
Starting in development mode...
Installing dependencies...
[0.05ms] ".env.production", ".env"
bun install v1.2.19 (aad3abea)

Done! Checked 121 packages (no changes) [5.00ms]
Starting Cloud Studio...
Cloud Studio starting on http://0.0.0.0:3001
Cloud Studio is running at http://0.0.0.0:3001
Prisma Client connected
+ exec gosu vibecode scripts/studio
Starting in development mode...
Installing dependencies...
[0.06ms] ".env.production", ".env"
bun install v1.2.19 (aad3abea)

Done! Checked 121 packages (no changes) [10.00ms]
Starting Cloud Studio...
Cloud Studio starting on http://0.0.0.0:3001
Cloud Studio is running at http://0.0.0.0:3001
Prisma Client connected
+ exec gosu vibecode scripts/studio
Starting in development mode...
Installing dependencies...
[0.06ms] ".env.production", ".env"
bun install v1.2.19 (aad3abea)

Done! Checked 121 packages (no changes) [5.00ms]
Starting Cloud Studio...
Cloud Studio starting on http://0.0.0.0:3001
Cloud Studio is running at http://0.0.0.0:3001
Prisma Client connected
+ exec gosu vibecode scripts/studio
Starting in development mode...
Installing dependencies...
[0.06ms] ".env.production", ".env"
bun install v1.2.19 (aad3abea)

Done! Checked 121 packages (no changes) [8.00ms]
Starting Cloud Studio...
Cloud Studio starting on http://0.0.0.0:3001
Cloud Studio is running at http://0.0.0.0:3001
Prisma Client connected
+ exec gosu vibecode scripts/studio
Starting in development mode...
Installing dependencies...
[0.14ms] ".env.production", ".env"
bun install v1.2.19 (aad3abea)

Done! Checked 121 packages (no changes) [5.00ms]
Starting Cloud Studio...
Cloud Studio starting on http://0.0.0.0:3001
Cloud Studio is running at http://0.0.0.0:3001
Prisma Client connected
+ exec gosu vibecode scripts/studio
Starting in development mode...
Installing dependencies...
[0.06ms] ".env.production", ".env"
bun install v1.2.19 (aad3abea)

Done! Checked 121 packages (no changes) [5.00ms]
Starting Cloud Studio...
Cloud Studio starting on http://0.0.0.0:3001
Cloud Studio is running at http://0.0.0.0:3001
Prisma Client connected
+ exec gosu vibecode scripts/studio
Installing dependencies...
[0.06ms] ".env.production", ".env"
bun install v1.2.19 (aad3abea)

+ @types/bun@1.2.23
+ prisma@6.19.2
+ typescript@5.8.3
+ @hono/node-server@1.12.0
+ @hono/zod-validator@0.7.6
+ @prisma/client@6.19.1
+ @types/bcryptjs@3.0.0
+ @vibecodeapp/backend-sdk@1.0.1
+ @vibecodeapp/cloud-studio@0.2.4
+ @vibecodeapp/proxy@2.0.3
+ bcryptjs@3.0.3
+ better-auth@1.4.17
+ hono@4.6.0
+ zod@4.1.11

120 packages installed [4.59s]
Starting Cloud Studio...
Cloud Studio starting on http://0.0.0.0:3001
Cloud Studio is running at http://0.0.0.0:3001
Prisma Client connected
+ exec gosu vibecode scripts/studio
Starting in development mode...
Installing dependencies...
[0.06ms] ".env.production", ".env"
bun install v1.2.19 (aad3abea)

+ @types/bun@1.2.23
+ prisma@6.19.2
+ typescript@5.8.3
+ @hono/node-server@1.12.0
+ @hono/zod-validator@0.7.6
+ @prisma/client@6.19.1
+ @types/bcryptjs@3.0.0
+ @vibecodeapp/backend-sdk@1.0.1
+ @vibecodeapp/cloud-studio@0.2.4
+ @vibecodeapp/proxy@2.0.3
+ bcryptjs@3.0.3
+ better-auth@1.4.17
+ hono@4.6.0
+ zod@4.1.11

120 packages installed [8.64s]
Starting Cloud Studio...
Cloud Studio starting on http://0.0.0.0:3001
Cloud Studio is running at http://0.0.0.0:3001
Prisma Client connected
+ exec gosu vibecode scripts/studio
Starting in development mode...
+ exec gosu vibecode scripts/studio
Starting in development mode...
Installing dependencies...
[0.06ms] ".env.production", ".env"
bun install v1.2.19 (aad3abea)

Done! Checked 121 packages (no changes) [10.00ms]
Starting Cloud Studio...
Cloud Studio starting on http://0.0.0.0:3001
Cloud Studio is running at http://0.0.0.0:3001
Prisma Client connected
+ exec gosu vibecode scripts/studio
Installing dependencies...
[0.06ms] ".env.production", ".env"
bun install v1.2.19 (aad3abea)

+ @types/bun@1.2.23
+ prisma@6.19.2
+ typescript@5.8.3
+ @hono/node-server@1.12.0
+ @hono/zod-validator@0.7.6
+ @prisma/client@6.19.1
+ @types/bcryptjs@3.0.0
+ @vibecodeapp/backend-sdk@1.0.1
+ @vibecodeapp/cloud-studio@0.2.4
+ @vibecodeapp/proxy@2.0.3
+ bcryptjs@3.0.3
+ better-auth@1.4.17
+ hono@4.6.0
+ zod@4.1.11

120 packages installed [5.34s]
Starting Cloud Studio...
Cloud Studio starting on http://0.0.0.0:3001
Cloud Studio is running at http://0.0.0.0:3001
Prisma Client connected
